[{"stream_name":"stdout","time":2.513780469,"data":"✓ Added /kaggle/input/datasets/saranboddu/rhizo-net-code-and-models to sys.path\n"}
,{"stream_name":"stdout","time":11.250324679,"data":"\n"}
,{"stream_name":"stdout","time":11.250395489,"data":"================================================================================\n"}
,{"stream_name":"stdout","time":11.250401469,"data":"GENERATING \u0026 SAVING 20 HIGH-RESOLUTION GRAPHICAL PNG ARTIFACTS\n"}
,{"stream_name":"stdout","time":11.250405609,"data":"================================================================================\n"}
,{"stream_name":"stdout","time":11.562102508,"data":"  ✓ Saved: 01_dataset_modality_matrix.png\n"}
,{"stream_name":"stdout","time":11.886021999,"data":"  ✓ Saved: 02_loss_convergence_curve.png\n"}
,{"stream_name":"stdout","time":12.177267517,"data":"  ✓ Saved: 03_architecture_benchmark_comparison.png\n"}
,{"stream_name":"stdout","time":12.499342177,"data":"  ✓ Saved: 04_mobilesam_uncertainty_heatmap.png\n"}
,{"stream_name":"stdout","time":12.775206784,"data":"  ✓ Saved: 05_grsr_gap_reconstruction.png\n"}
,{"stream_name":"stdout","time":12.900288105,"data":"  ✓ Saved: 06_skan_skeleton_and_branch_hierarchy.png\n"}
,{"stream_name":"stdout","time":13.098691434,"data":"  ✓ Saved: 07_sholl_analysis_radius_curve.png\n"}
,{"stream_name":"stdout","time":13.352575078,"data":"  ✓ Saved: 08_seminal_root_angle_vector_map.png\n"}
,{"stream_name":"stdout","time":13.633932335,"data":"  ✓ Saved: 09_soilgrids_depth_profile_curves.png\n"}
,{"stream_name":"stdout","time":13.944948035,"data":"  ✓ Saved: 10_graph_transformer_attention_heatmap.png\n"}
,{"stream_name":"stdout","time":14.125953172,"data":"  ✓ Saved: 11_multimodal_class_probability_spectrum.png\n"}
,{"stream_name":"stdout","time":14.332433082,"data":"  ✓ Saved: 12_piet_loss_mass_conservation_map.png\n"}
,{"stream_name":"stdout","time":14.438762662,"data":"  ✓ Saved: 13_crop1_sorghum_npk_prescription_card.png\n"}
,{"stream_name":"stdout","time":14.536581391,"data":"  ✓ Saved: 14_crop2_tomato_drip_fertigation_card.png\n"}
,{"stream_name":"stdout","time":14.627287549,"data":"  ✓ Saved: 15_crop3_turmeric_organic_fym_card.png\n"}
,{"stream_name":"stdout","time":14.717735447999999,"data":"  ✓ Saved: 16_crop4_groundnut_calcareous_suppression_card.png\n"}
,{"stream_name":"stdout","time":14.808603787,"data":"  ✓ Saved: 17_crop5_marigold_floral_lockout_card.png\n"}
,{"stream_name":"stdout","time":14.977312953,"data":"  ✓ Saved: 18_onnx_architecture_latency_profile.png\n"}
,{"stream_name":"stdout","time":15.26150944,"data":"  ✓ Saved: 19_end_to_end_root_segmentation_triptych.png\n"}
,{"stream_name":"stdout","time":15.413433744,"data":"  ✓ Saved: 20_rhizo_net_master_pipeline_infographic.png\n"}
,{"stream_name":"stdout","time":15.413504554,"data":"\n"}
,{"stream_name":"stdout","time":15.413508664,"data":"✓ ALL 20 HIGH-RESOLUTION GRAPHICAL PNG IMAGES GENERATED \u0026 SAVED IN OUTPUT TAB!\n"}
,{"stream_name":"stderr","time":19.108070815,"data":"/usr/local/lib/python3.12/dist-packages/mistune.py:435: SyntaxWarning: invalid escape sequence '\\|'\n"}
,{"stream_name":"stderr","time":19.108132595,"data":"  cells[i][c] = re.sub('\\\\\\\\\\|', '|', cell)\n"}
,{"stream_name":"stderr","time":19.553436197,"data":"/usr/local/lib/python3.12/dist-packages/nbconvert/filters/filter_links.py:36: SyntaxWarning: invalid escape sequence '\\_'\n"}
,{"stream_name":"stderr","time":19.553478667,"data":"  text = re.sub(r'_', '\\_', text) # Escape underscores in display text\n"}
,{"stream_name":"stderr","time":20.339940322,"data":"[NbConvertApp] Converting notebook __script__.ipynb to html\n"}
,{"stream_name":"stderr","time":22.101454459,"data":"[NbConvertApp] Writing 367677 bytes to __results__.html\n"}
]