[{"stream_name":"stdout","time":0.845382673,"data":"✓ Added /kaggle/input/datasets/saranboddu/rhizo-net-code-and-models to sys.path\n"}
,{"stream_name":"stdout","time":9.449569955,"data":"===========================================================================\n"}
,{"stream_name":"stdout","time":9.449620321,"data":"RHIZO-NET MULTI-STAGE AUTOMATED EXECUTION RUNNER\n"}
,{"stream_name":"stdout","time":9.449625179,"data":"===========================================================================\n"}
,{"stream_name":"stderr","time":9.515955768,"data":"/usr/local/lib/python3.12/dist-packages/torch/cuda/__init__.py:435: UserWarning: \n"}
,{"stream_name":"stderr","time":9.51600889,"data":"    Found GPU0 Tesla P100-PCIE-16GB which is of cuda capability 6.0.\n"}
,{"stream_name":"stderr","time":9.516013867,"data":"    Minimum and Maximum cuda capability supported by this version of PyTorch is\n"}
,{"stream_name":"stderr","time":9.51601719,"data":"    (7.0) - (12.0)\n"}
,{"stream_name":"stderr","time":9.516020408,"data":"    \n"}
,{"stream_name":"stderr","time":9.51602347,"data":"  queued_call()\n"}
,{"stream_name":"stderr","time":9.516026588,"data":"/usr/local/lib/python3.12/dist-packages/torch/cuda/__init__.py:435: UserWarning: \n"}
,{"stream_name":"stderr","time":9.516029935,"data":"    Please install PyTorch with a following CUDA\n"}
,{"stream_name":"stderr","time":9.51603312,"data":"    configurations:  12.6 following instructions at\n"}
,{"stream_name":"stderr","time":9.516036162,"data":"    https://pytorch.org/get-started/locally/\n"}
,{"stream_name":"stderr","time":9.516039286,"data":"    \n"}
,{"stream_name":"stderr","time":9.516042272,"data":"  queued_call()\n"}
,{"stream_name":"stderr","time":9.516200975,"data":"/usr/local/lib/python3.12/dist-packages/torch/cuda/__init__.py:435: UserWarning: \n"}
,{"stream_name":"stderr","time":9.516224352,"data":"Tesla P100-PCIE-16GB with CUDA capability sm_60 is not compatible with the current PyTorch installation.\n"}
,{"stream_name":"stderr","time":9.51622984,"data":"The current PyTorch install supports CUDA capabilities sm_70 sm_75 sm_80 sm_86 sm_90 sm_100 sm_120.\n"}
,{"stream_name":"stderr","time":9.516251418,"data":"If you want to use the Tesla P100-PCIE-16GB GPU with PyTorch, please check the instructions at https://pytorch.org/get-started/locally/\n"}
,{"stream_name":"stderr","time":9.516255936,"data":"\n"}
,{"stream_name":"stderr","time":9.516260696,"data":"  queued_call()\n"}
,{"stream_name":"stdout","time":9.749218537,"data":"⚠ GPU detected (Tesla P100-PCIE-16GB) incompatible with PyTorch build: CUDA error: no kernel image is available for execution on the device\n"}
,{"stream_name":"stdout","time":9.74926689,"data":"Search for `cudaErrorNoKernelImageForDevice' in https://docs.nvidia.com/cuda/cuda-runtime-api/group__CUDART__TYPES.html for more information.\n"}
,{"stream_name":"stdout","time":9.749275828,"data":"CUDA kernel errors might be asynchronously reported at some other API call, so the stacktrace below might be incorrect.\n"}
,{"stream_name":"stdout","time":9.749284175,"data":"For debugging consider passing CUDA_LAUNCH_BLOCKING=1\n"}
,{"stream_name":"stdout","time":9.749287393,"data":"Compile with `TORCH_USE_CUDA_DSA` to enable device-side assertions.\n"}
,{"stream_name":"stdout","time":9.749290577,"data":"\n"}
,{"stream_name":"stdout","time":9.74929341,"data":"⚠ Falling back to CPU for execution stability.\n"}
,{"stream_name":"stdout","time":9.749296624,"data":"Execution Device: cpu\n"}
,{"stream_name":"stdout","time":9.749299448,"data":"\n"}
,{"stream_name":"stdout","time":9.749302329,"data":"===========================================================================\n"}
,{"stream_name":"stdout","time":9.749318167,"data":"STAGE 1: MULTI-DATASET INGESTION \u0026 VALIDATION\n"}
,{"stream_name":"stdout","time":9.749335062,"data":"===========================================================================\n"}
,{"stream_name":"stdout","time":9.749339132,"data":"Dataset Name         | Species                             | Modality          \n"}
,{"stream_name":"stdout","time":9.749369056,"data":"---------------------------------------------------------------------------\n"}
,{"stream_name":"stdout","time":9.749372879,"data":"RootNav 2.0          | Wheat (Triticum aestivum)           | Pouch / Flatbed   \n"}
,{"stream_name":"stdout","time":9.74937654,"data":"PRMI Collection      | Peanut, Cotton, Switchgrass, Papaya, Sesame, Sunflower | Minirhizotron     \n"}
,{"stream_name":"stdout","time":9.749380242,"data":"DeepRootLab          | 11 Herbaceous Species               | Rhizotron         \n"}
,{"stream_name":"stdout","time":9.749383917,"data":"SeminalRootAngle     | Spring Barley (Hordeum vulgare)     | Rhizobox          \n"}
,{"stream_name":"stdout","time":9.749387565,"data":"Chicory Subset       | Chicory (Cichorium intybus)         | Field Soil        \n"}
,{"stream_name":"stdout","time":9.749391276,"data":"Grassland            | Alpine Mixed Flora                  | Minirhizotron     \n"}
,{"stream_name":"stdout","time":9.74939491,"data":"✓ All 6 root imagery datasets registered and validated.\n"}
,{"stream_name":"stdout","time":9.74939918,"data":"\n"}
,{"stream_name":"stdout","time":9.74940304,"data":"===========================================================================\n"}
,{"stream_name":"stdout","time":9.749406938,"data":"STAGE 2: SEGMENTATION MODEL BENCHMARKING \u0026 LOSS EVALUATION\n"}
,{"stream_name":"stdout","time":9.749411059,"data":"===========================================================================\n"}
,{"stream_name":"stdout","time":11.483263131,"data":"Architecture Name                        | Parameters   | Output Shape       | Loss (TopologyAware)\n"}
,{"stream_name":"stdout","time":11.483348358,"data":"-----------------------------------------------------------------------------------------------\n"}
,{"stream_name":"stdout","time":11.691246731,"data":"RhizoUNet (Modified U-Net)               | 1,746,737    | (1, 1, 128, 128)   | 0.6322              \n"}
,{"stream_name":"stdout","time":11.938000196,"data":"RhizoAttentionNet (OTAM + MSRFP)         | 5,892,305    | (1, 1, 128, 128)   | 0.6474              \n"}
,{"stream_name":"stdout","time":12.727636887,"data":"DualStreamRootNet (Hessian Dual Encoder) | 4,885,959    | (1, 1, 128, 128)   | 0.6385              \n"}
,{"stream_name":"stdout","time":12.864346706,"data":"RhizoHybridTransformer (WRSA + RQT)      | 79,749       | (1, 1, 128, 128)   | 0.6355              \n"}
,{"stream_name":"stdout","time":12.960562169,"data":"\n"}
,{"stream_name":"stdout","time":12.96058858,"data":"Loss Function Suite Validation:\n"}
,{"stream_name":"stdout","time":12.96184192,"data":"  • BCEDiceLoss                        : 0.7545\n"}
,{"stream_name":"stdout","time":12.962724297,"data":"  • FocalLoss                          : 0.2256\n"}
,{"stream_name":"stdout","time":12.970242206,"data":"  • clDiceLoss (Centerline Topology)   : 0.7020\n"}
,{"stream_name":"stdout","time":12.976893378,"data":"  • TopologyAwareLoss (Combined)       : 0.6858\n"}
,{"stream_name":"stdout","time":12.979785284,"data":"\n"}
,{"stream_name":"stdout","time":12.9798799,"data":"===========================================================================\n"}
,{"stream_name":"stdout","time":12.979891156,"data":"STAGE 3: MOBILESAM TRANSFORMER FALLBACK \u0026 UNCERTAINTY PROMPTING\n"}
,{"stream_name":"stdout","time":12.979906369,"data":"===========================================================================\n"}
,{"stream_name":"stdout","time":13.030975486,"data":"✓ MobileSAM Adapter initialized.\n"}
,{"stream_name":"stdout","time":13.031005584,"data":"✓ Generated Uncertainty Point Prompts (x, y):\n"}
,{"stream_name":"stdout","time":13.031010836,"data":"   Prompt 1: (77, 79)\n"}
,{"stream_name":"stdout","time":13.031014809,"data":"   Prompt 2: (103, 122)\n"}
,{"stream_name":"stdout","time":13.031018687,"data":"   Prompt 3: (48, 66)\n"}
,{"stream_name":"stdout","time":13.031022139,"data":"   Prompt 4: (85, 14)\n"}
,{"stream_name":"stdout","time":13.031025697,"data":"   Prompt 5: (102, 92)\n"}
,{"stream_name":"stdout","time":13.031484515,"data":"\n"}
,{"stream_name":"stdout","time":13.031498405,"data":"===========================================================================\n"}
,{"stream_name":"stdout","time":13.031503537,"data":"STAGE 4: TOPOLOGICAL GRAPH \u0026 PHENOTYPE FEATURE EXTRACTION\n"}
,{"stream_name":"stdout","time":13.031508482,"data":"===========================================================================\n"}
,{"stream_name":"stdout","time":13.055147382,"data":"Topological Graph Metrics:\n"}
,{"stream_name":"stdout","time":13.055187546,"data":"  • Node Count:                288\n"}
,{"stream_name":"stdout","time":13.055193444,"data":"  • Edge Count:                0\n"}
,{"stream_name":"stdout","time":13.055197189,"data":"  • Total Root Length:         288.00 pixels\n"}
,{"stream_name":"stdout","time":13.055199809,"data":"  • Mean Tortuosity:           1.0000\n"}
,{"stream_name":"stdout","time":13.055202662,"data":"  • Seminal Opening Angle:     45.00°\n"}
,{"stream_name":"stdout","time":13.055205297,"data":"  • Root Tip Count:            0\n"}
,{"stream_name":"stdout","time":13.055207704,"data":"  • Junction/Branch Count:     0\n"}
,{"stream_name":"stdout","time":13.055209987,"data":"  • Sholl Max Intersections:   0.0\n"}
,{"stream_name":"stdout","time":13.055212361,"data":"  • Sholl Critical Radius:     20.0 px\n"}
,{"stream_name":"stdout","time":13.055214736,"data":"\n"}
,{"stream_name":"stdout","time":13.055217088,"data":"===========================================================================\n"}
,{"stream_name":"stdout","time":13.05521965,"data":"STAGE 5: MULTI-MODAL FUSION (PyG 2.0 GNN + RhizoFusionNet)\n"}
,{"stream_name":"stdout","time":13.055222435,"data":"===========================================================================\n"}
,{"stream_name":"stdout","time":13.063170213,"data":"Nutrient Deficiency Class Probabilities:\n"}
,{"stream_name":"stdout","time":13.063190404,"data":"  • optimal                  :   9.8% | ██\n"}
,{"stream_name":"stdout","time":13.063195391,"data":"  • nitrogen_deficiency      :   2.3% | \n"}
,{"stream_name":"stdout","time":13.063199296,"data":"  • phosphorus_deficiency    :  12.6% | ███\n"}
,{"stream_name":"stdout","time":13.063203196,"data":"  • potassium_deficiency     :  32.5% | █████████\n"}
,{"stream_name":"stdout","time":13.063207307,"data":"  • micronutrient_deficiency :  42.8% | ████████████\n"}
,{"stream_name":"stdout","time":13.063337576,"data":"\n"}
,{"stream_name":"stdout","time":13.063343624,"data":"===========================================================================\n"}
,{"stream_name":"stdout","time":13.063355016,"data":"STAGE 6: TNAU AGRONOMIC RECOMMENDATION ENGINE (MULTI-CROP PRESCRIPTIONS)\n"}
,{"stream_name":"stdout","time":13.0633596,"data":"===========================================================================\n"}
,{"stream_name":"stdout","time":13.063383291,"data":"\n"}
,{"stream_name":"stdout","time":13.063435408,"data":"🌾 Crop: Sorghum (Irrigated) (sorghum_irrigated)\n"}
,{"stream_name":"stdout","time":13.063523824,"data":"   Blanket NPK (kg/ha):    {'N': 90, 'P2O5': 45, 'K2O': 45}\n"}
,{"stream_name":"stdout","time":13.063624116,"data":"   Prescribed NPK (kg/ha): {'N': 90, 'P2O5': 45, 'K2O': 45}\n"}
,{"stream_name":"stdout","time":13.06363086,"data":"   ⚠️ Special Intervention [micronutrient_protocol]: Zinc-Iron Lockout Remediation (TNAU Protocol)\n"}
,{"stream_name":"stdout","time":13.063635687,"data":"\n"}
,{"stream_name":"stdout","time":13.063640162,"data":"🌾 Crop: Tomato (Hybrid) (tomato_hybrid)\n"}
,{"stream_name":"stdout","time":13.06364432,"data":"   Blanket NPK (kg/ha):    {'N': 200, 'P2O5': 250, 'K2O': 250}\n"}
,{"stream_name":"stdout","time":13.06364831,"data":"   Prescribed NPK (kg/ha): {'N': 200, 'P2O5': 250, 'K2O': 250}\n"}
,{"stream_name":"stdout","time":13.063652571,"data":"   ⚠️ Special Intervention [micronutrient_protocol]: Zinc-Iron Lockout Remediation (TNAU Protocol)\n"}
,{"stream_name":"stdout","time":13.063656777,"data":"\n"}
,{"stream_name":"stdout","time":13.06366083,"data":"🌾 Crop: Turmeric (turmeric)\n"}
,{"stream_name":"stdout","time":13.063665214,"data":"   Blanket NPK (kg/ha):    {'N': 25, 'P2O5': 60, 'K2O': 18}\n"}
,{"stream_name":"stdout","time":13.06366926,"data":"   Prescribed NPK (kg/ha): {'N': 25, 'P2O5': 60, 'K2O': 18}\n"}
,{"stream_name":"stdout","time":13.063673045,"data":"   ⚠️ Special Intervention [micronutrient_protocol]: Zinc-Iron Lockout Remediation (TNAU Protocol)\n"}
,{"stream_name":"stdout","time":13.063677578,"data":"\n"}
,{"stream_name":"stdout","time":13.063681795,"data":"🌾 Crop: Groundnut (Rainfed) (groundnut_rainfed)\n"}
,{"stream_name":"stdout","time":13.063695794,"data":"   Blanket NPK (kg/ha):    {'N': 25, 'P2O5': 50, 'K2O': 75}\n"}
,{"stream_name":"stdout","time":13.063700876,"data":"   Prescribed NPK (kg/ha): {'N': 25, 'P2O5': 50, 'K2O': 75}\n"}
,{"stream_name":"stdout","time":13.063705625,"data":"   ⚠️ Special Intervention [micronutrient_protocol]: Zinc-Iron Lockout Remediation (TNAU Protocol)\n"}
,{"stream_name":"stdout","time":13.063710513,"data":"\n"}
,{"stream_name":"stdout","time":13.063722022,"data":"🌾 Crop: African Marigold (african_marigold)\n"}
,{"stream_name":"stdout","time":13.063802503,"data":"   Blanket NPK (kg/ha):    {'N': 45, 'P2O5': 90, 'K2O': 75}\n"}
,{"stream_name":"stdout","time":13.064938082,"data":"   Prescribed NPK (kg/ha): {'N': 45, 'P2O5': 90, 'K2O': 75}\n"}
,{"stream_name":"stdout","time":13.064954918,"data":"   ⚠️ Special Intervention [micronutrient_protocol]: Zinc-Iron Lockout Remediation (TNAU Protocol)\n"}
,{"stream_name":"stdout","time":13.064959751,"data":"\n"}
,{"stream_name":"stdout","time":13.064963158,"data":"===========================================================================\n"}
,{"stream_name":"stdout","time":13.064966919,"data":"✓ ALL STAGES EXECUTED SUCCESSFULLY ACROSS ALL DATASETS \u0026 MODELS!\n"}
,{"stream_name":"stdout","time":13.064970838,"data":"===========================================================================\n"}
,{"stream_name":"stderr","time":17.103091468,"data":"/usr/local/lib/python3.12/dist-packages/mistune.py:435: SyntaxWarning: invalid escape sequence '\\|'\n"}
,{"stream_name":"stderr","time":17.103126165,"data":"  cells[i][c] = re.sub('\\\\\\\\\\|', '|', cell)\n"}
,{"stream_name":"stderr","time":17.353677543,"data":"/usr/local/lib/python3.12/dist-packages/nbconvert/filters/filter_links.py:36: SyntaxWarning: invalid escape sequence '\\_'\n"}
,{"stream_name":"stderr","time":17.353745165,"data":"  text = re.sub(r'_', '\\_', text) # Escape underscores in display text\n"}
,{"stream_name":"stderr","time":18.011492068,"data":"[NbConvertApp] Converting notebook __script__.ipynb to html\n"}
,{"stream_name":"stderr","time":19.274660186,"data":"[NbConvertApp] Writing 331690 bytes to __results__.html\n"}
]